2026-08-21 00:17:51,222 - INFO - === BEAT STARTED ===
2026-08-21 00:17:51,223 - INFO - Reading progress.md
2026-08-21 00:17:51,223 - INFO - progress.md read successfully
2026-08-21 00:17:51,223 - INFO - Running gather.py
2026-08-21 00:17:51,298 - INFO - gather.py completed successfully, output length: 210 chars
2026-08-21 00:17:51,299 - INFO - Comparing old vs new findings
2026-08-21 00:17:51,301 - INFO - Found 4 new finding(s), updating spine
2026-08-21 00:17:51,301 - INFO - Writing to progress.md
2026-08-21 00:18:00,280 - INFO - === BEAT STARTED ===
2026-08-21 00:18:00,280 - INFO - Reading progress.md
2026-08-21 00:18:00,280 - INFO - progress.md read successfully
2026-08-21 00:18:00,280 - INFO - Running gather.py
2026-08-21 00:18:00,468 - INFO - gather.py completed successfully, output length: 210 chars
2026-08-21 00:18:00,468 - INFO - Comparing old vs new findings
2026-08-21 00:18:00,468 - INFO - Found 4 new finding(s), updating spine
2026-08-21 00:18:00,469 - INFO - Writing to progress.md
2026-08-21 00:18:00,470 - INFO - === BEAT COMPLETED SUCCESSFULLY ===
2026-08-21 00:18:31,743 - INFO - === BEAT STARTED ===
2026-08-21 00:18:31,743 - INFO - Reading progress.md
2026-08-21 00:18:31,744 - ERROR - FAILURE: progress.md not found!
2026-08-21 00:18:31,744 - ERROR - NEEDS HUMAN: Check if progress.md was deleted or missing
2026-08-21 00:19:44,813 - INFO - === BEAT STARTED ===
2026-08-21 00:19:44,814 - INFO - Reading progress.md
2026-08-21 00:19:44,814 - INFO - progress.md read successfully
2026-08-21 00:19:44,814 - INFO - Running gather.py
2026-08-21 00:19:44,895 - INFO - gather.py completed successfully, output length: 210 chars
2026-08-21 00:19:44,896 - INFO - Comparing old vs new findings
2026-08-21 00:19:44,896 - INFO - Found 4 new finding(s), updating spine
2026-08-21 00:19:44,896 - INFO - Writing to progress.md
2026-08-21 00:19:44,896 - INFO - === BEAT COMPLETED SUCCESSFULLY ===
